$ bun test test/perf/m4-transport-performance.test.ts && bun test test/perf/performance.test.ts
bun test v1.3.14 (0d9b296a)

test/perf/m4-transport-performance.test.ts:
M4 persistent-SSE transport latency: p99=1.762ms
(pass) M4 transport performance gate > engine-to-TUI authenticated UDS event latency remains below 2ms p99 [206.63ms]

 1 pass
 0 fail
 3 expect() calls
Ran 1 test across 1 file. [238.00ms]
bun test v1.3.14 (0d9b296a)

test/perf/performance.test.ts:
(pass) M4 executable TUI performance budgets > retained transcript streaming frame compute stays inside p95/p99.9 budgets [608.75ms]
Focused composer input echo (process CPU): trial p99s=2.214,1.989,2.571,2.545,2.673,2.373,2.781ms; best=1.989ms
(pass) M4 executable TUI performance budgets > focused composer input echo stays below 16ms p99 [318.21ms]
(pass) M4 executable TUI performance budgets > mounted tool-output bursts stay inside the frame budget with live Tree-sitter [141.18ms]
(pass) M4 executable TUI performance budgets > visible Tools workspace streams bounded retained rows without identity churn [112.09ms]
Vim composer input echo (process CPU): trial p99s=1.514,1.961,2.148,1.129,1.144,2.330,2.227ms; best=1.129ms
(pass) M4 executable TUI performance budgets > Vim mode dispatch and insert echo stay below 16ms p99 [258.64ms]

 5 pass
 0 fail
 61 expect() calls
Ran 5 tests across 1 file. [1.62s]
